[opdw58.github.io/dashboard2.html]
[backblue.gif]
[fade.gif]
[index.html]
[opdw58.github.io/assets/mObywatel/mobywatellogo.svg]
[opdw58.github.io/assets/sw.js]
[opdw58.github.io/assets/manifest.json]
[opdw58.github.io/assets/images/roboto_light.ttf]
[opdw58.github.io/assets/images/roboto_regular.ttf]
[opdw58.github.io/assets/images/roboto_medium.ttf]
[opdw58.github.io/assets/images/roboto_medium_italic.ttf]
[opdw58.github.io/assets/images/roboto_bold.ttf]
[opdw58.github.io/assets/images/roboto_black.ttf]
[opdw58.github.io/assets/images/roboto_medium_numbers.ttf]
[opdw58.github.io/assets/images/coi_common_ui_ic_mobywatel_logo.svg]
[opdw58.github.io/assets/images/ab013_notifications.svg]
[opdw58.github.io/documents2.html]
[opdw58.github.io/dowod.html]
[opdw58.github.io/assets/images/coi_common_ui_ic_document_id.svg]
[opdw58.github.io/assets/images/CHANGE_IT_home_mid_card.svg]
[opdw58.github.io/services2.html]
[opdw58.github.io/assets/images/da035_bezpiecznie_w_sieci.svg]
[opdw58.github.io/assets/images/auto.png]
[opdw58.github.io/assets/images/da008_zastrzez_pesel.svg]
[opdw58.github.io/assets/images/da031_mbiznes.svg]
[opdw58.github.io/assets/images/da001_punkty_karne.svg]
[opdw58.github.io/assets/images/da025_ticket.svg]
[opdw58.github.io/assets/images/b001_home.svg]
[opdw58.github.io/assets/images/ad005_framed_person.svg]
[opdw58.github.io/assets/images/ac001_services.svg]
[opdw58.github.io/qr2.html]
[opdw58.github.io/assets/images/ai001_scanner_qr.svg]
[opdw58.github.io/more2.html]
[opdw58.github.io/assets/images/ab010_more.svg]
[opdw58.github.io/dashboard2.html]
[opdw58.github.io/assets/mObywatel/mobywatellogo.svg]
[opdw58.github.io/assets/images/coi_common_ui_ic_mobywatel_logo.svg]
[opdw58.github.io/assets/images/ab013_notifications.svg]
[opdw58.github.io/assets/images/ab002_search_grey.svg]
[opdw58.github.io/assets/images/ab001_home.svg]
[opdw58.github.io/assets/images/b002_framed_person.svg]
[opdw58.github.io/documents2.html]
[opdw58.github.io/assets/dowod_files/main.css]
[opdw58.github.io/assets/icons/icon-192x192.png]
[opdw58.github.io/assets/css/dowodnowy.css]
[opdw58.github.io/assets/mObywatel/jquery-3.6.0.min.js]
[opdw58.github.io/assets/dowod_files/pozdro.svg]
[opdw58.github.io/assets/dowod_files/madziamojakotka123.svg]
[opdw58.github.io/assets/dowod_files/normal_u391.svg]
[opdw58.github.io/assets/dowod_files/normal_u394.svg]
[opdw58.github.io/assets/dowod_files/normal_u393.svg]
[opdw58.github.io/assets/dowod_files/normal_u408.svg]
[opdw58.github.io/assets/dowod_files/timenew.js]
[opdw58.github.io/assets/Zdjecie.jpg]
[opdw58.github.io/assets/dowod_files/flaga.gif]
[opdw58.github.io/assets/dowod_files/godlo.gif]
[opdw58.github.io/assets/dowod_files/checkmark.svg]
[opdw58.github.io/assets/dowod_files/checkbo.png]
[opdw58.github.io/assets/dowod_files/arrow.svg]
[opdw58.github.io/assets/dowod_files/card.png]
[opdw58.github.io/assets/dowod_files/arrow1.svg]
[cdnjs.cloudflare.com/ajax/libs/font-awesome/6.4.2/css/all.min.css]
[opdw58.github.io/assets/dowod_files/kosz.png]
[opdw58.github.io/assets/dowod_files/rozwijka.js]
[opdw58.github.io/assets/dowod_files/wybor.js]
[opdw58.github.io/assets/dowod_files/scale.js]
[opdw58.github.io/index.html]
[opdw58.github.io/dowod.html]
[opdw58.github.io/assets/images/coi_common_ui_ic_document_id.svg]
[opdw58.github.io/assets/images/CHANGE_IT_home_mid_card.svg]
[opdw58.github.io/assets/images/ic_arrow_forward_Dgray.svg]
[opdw58.github.io/assets/images/bon_energetyczny.svg]
[opdw58.github.io/assets/images/wybory.png]
[opdw58.github.io/assets/images/recepta.png]
[opdw58.github.io/assets/images/powodz.png]
[opdw58.github.io/assets/images/da019_uslugi_prawne.svg]
[opdw58.github.io/services2.html]
[opdw58.github.io/assets/images/b004_services.svg]
[opdw58.github.io/assets/images/da035_bezpiecznie_w_sieci.svg]
[opdw58.github.io/assets/images/da008_zastrzez_pesel.svg]
[opdw58.github.io/assets/images/da031_mbiznes.svg]
[opdw58.github.io/assets/images/da001_punkty_karne.svg]
[opdw58.github.io/assets/images/da025_ticket.svg]
[opdw58.github.io/assets/images/b001_home.svg]
[opdw58.github.io/assets/images/ad005_framed_person.svg]
[opdw58.github.io/assets/images/ac001_services.svg]
[opdw58.github.io/qrkod.html]
[opdw58.github.io/assets/images/ai002_confirm_identity.svg]
[opdw58.github.io/assets/images/ai003_check_document.svg]
[opdw58.github.io/qr2.html]
[opdw58.github.io/assets/images/b003_scanner_qr.svg]
[opdw58.github.io/assets/images/ai001_scanner_qr.svg]
[opdw58.github.io/assets/images/b005_more.svg]
[opdw58.github.io/assets/images/aa008_change_password.svg]
[opdw58.github.io/assets/images/aa009_fingerprint.svg]
[opdw58.github.io/assets/images/ag005_globe.svg]
[opdw58.github.io/assets/images/ae001_published_certificate.svg]
[opdw58.github.io/assets/images/aa016_history.svg]
[opdw58.github.io/assets/images/coi_common_ui_ic_help.svg]
[opdw58.github.io/assets/images/b001_logout.svg]
[opdw58.github.io/more2.html]
[opdw58.github.io/assets/images/ab010_more.svg]
[opdw58.github.io/assets/images/ab002_search_grey.svg]
[opdw58.github.io/assets/images/ic_arrow_forward_gray.svg]
[opdw58.github.io/assets/images/ab001_home.svg]
[opdw58.github.io/assets/images/b002_framed_person.svg]
[opdw58.github.io/assets/dowod_files/main.css]
[opdw58.github.io/assets/dowod_files/dowodnowybg.png]
[opdw58.github.io/assets/dowod_files/warstwa_1.png]
[opdw58.github.io/assets/dowod_files/warstwa_2.png]
[opdw58.github.io/assets/css/dowodnowy.css]
[opdw58.github.io/assets/dowod_files/pozdro.svg]
[opdw58.github.io/assets/dowod_files/madziamojakotka123.svg]
[opdw58.github.io/assets/dowod_files/normal_u391.svg]
[opdw58.github.io/assets/dowod_files/normal_u394.svg]
[opdw58.github.io/assets/dowod_files/normal_u393.svg]
[opdw58.github.io/assets/dowod_files/normal_u408.svg]
[opdw58.github.io/assets/dowod_files/checkmark.svg]
[opdw58.github.io/assets/dowod_files/arrow.svg]
[opdw58.github.io/assets/dowod_files/arrow1.svg]
[cdnjs.cloudflare.com/ajax/libs/font-awesome/6.4.2/css/all.min.css]
[opdw58.github.io/mobywatellogo.svg]
[opdw58.github.io/assets/a/coi_common_ic_mobywatel_horizontal_logo_text.svg]
[opdw58.github.io/assets/a/aa008_change_password.svg]
[opdw58.github.io/assets/a/coi_common_ui_ic_coi_mobywatel_logo.svg]
[opdw58.github.io/assets/a/coi_common_ui_ic_mc_mobywatel_logo.svg]
[opdw58.github.io/index.html]
[opdw58.github.io/assets/images/bon_energetyczny.svg]
[opdw58.github.io/assets/images/da019_uslugi_prawne.html]
[opdw58.github.io/assets/images/b004_services.svg]
[opdw58.github.io/qrkod.html]
[opdw58.github.io/assets/images/ai002_confirm_identity.svg]
[opdw58.github.io/assets/images/ai003_check_document.svg]
[opdw58.github.io/assets/images/b003_scanner_qr.svg]
[opdw58.github.io/assets/images/b005_more.svg]
[opdw58.github.io/assets/images/aa008_change_password.svg]
[opdw58.github.io/assets/images/aa009_fingerprint.svg]
[opdw58.github.io/assets/images/ag005_globe.svg]
[opdw58.github.io/assets/images/ae001_published_certificate.svg]
[opdw58.github.io/assets/images/aa016_history.svg]
[opdw58.github.io/assets/images/coi_common_ui_ic_help.svg]
[opdw58.github.io/assets/images/b001_logout.html]
[opdw58.github.io/mobywatellogo.html]
[opdw58.github.io/assets/a/coi_common_ic_mobywatel_horizontal_logo_text.svg]
[opdw58.github.io/assets/a/aa008_change_password.svg]
[opdw58.github.io/assets/a/coi_common_ui_ic_coi_mobywatel_logo.svg]
[opdw58.github.io/assets/a/coi_common_ui_ic_mc_mobywatel_logo.svg]
[cdnjs.cloudflare.com/ajax/libs/qrcodejs/1.0.0/qrcode.min.js]
